// Jest Snapshot v1, https://goo.gl/fbAQLP

exports[`App component renders App 1`] = `
<Fragment>
  <Characters
    charCount={20}
  />
  <Gifs
    gifsCount={10}
  />
</Fragment>
`;
